src/auth.ts(8,5): error TS2322: Type 'import("C:/Users/abhin/Downloads/Antigravity/valentine/node_modules/@auth/drizzle-adapter/node_modules/@auth/core/adapters").Adapter' is not assignable to type 'import("C:/Users/abhin/Downloads/Antigravity/valentine/node_modules/@auth/core/adapters").Adapter'.
  Types of property 'createUser' are incompatible.
    Type '((user: import("C:/Users/abhin/Downloads/Antigravity/valentine/node_modules/@auth/drizzle-adapter/node_modules/@auth/core/adapters").AdapterUser) => import("C:/Users/abhin/Downloads/Antigravity/valentine/node_modules/@auth/drizzle-adapter/node_modules/@auth/core/types").Awaitable<import("C:/Users/abhin/Downloads/Ant...' is not assignable to type '((user: import("C:/Users/abhin/Downloads/Antigravity/valentine/node_modules/@auth/core/adapters").AdapterUser) => import("C:/Users/abhin/Downloads/Antigravity/valentine/node_modules/@auth/core/types").Awaitable<import("C:/Users/abhin/Downloads/Antigravity/valentine/node_modules/@auth/core/adapters").AdapterUser>) | ...'.
      Type '(user: import("C:/Users/abhin/Downloads/Antigravity/valentine/node_modules/@auth/drizzle-adapter/node_modules/@auth/core/adapters").AdapterUser) => import("C:/Users/abhin/Downloads/Antigravity/valentine/node_modules/@auth/drizzle-adapter/node_modules/@auth/core/types").Awaitable<import("C:/Users/abhin/Downloads/Anti...' is not assignable to type '(user: import("C:/Users/abhin/Downloads/Antigravity/valentine/node_modules/@auth/core/adapters").AdapterUser) => import("C:/Users/abhin/Downloads/Antigravity/valentine/node_modules/@auth/core/types").Awaitable<import("C:/Users/abhin/Downloads/Antigravity/valentine/node_modules/@auth/core/adapters").AdapterUser>'.
        Type 'import("C:/Users/abhin/Downloads/Antigravity/valentine/node_modules/@auth/drizzle-adapter/node_modules/@auth/core/types").Awaitable<import("C:/Users/abhin/Downloads/Antigravity/valentine/node_modules/@auth/drizzle-adapter/node_modules/@auth/core/adapters").AdapterUser>' is not assignable to type 'import("C:/Users/abhin/Downloads/Antigravity/valentine/node_modules/@auth/core/types").Awaitable<import("C:/Users/abhin/Downloads/Antigravity/valentine/node_modules/@auth/core/adapters").AdapterUser>'.
          Type 'AdapterUser' is not assignable to type 'Awaitable<AdapterUser>'.
            Property 'role' is missing in type 'import("C:/Users/abhin/Downloads/Antigravity/valentine/node_modules/@auth/drizzle-adapter/node_modules/@auth/core/adapters").AdapterUser' but required in type 'import("C:/Users/abhin/Downloads/Antigravity/valentine/node_modules/@auth/core/adapters").AdapterUser'.
src/components/admin/template-form.tsx(56,9): error TS2322: Type 'Resolver<{ name: string; price: unknown; files: string; description?: string | undefined; salePrice?: unknown; tags?: string | undefined; isPublic?: boolean | undefined; }, any, { name: string; price: number; files: string; isPublic: boolean; description?: string | undefined; salePrice?: number | undefined; tags?: s...' is not assignable to type 'Resolver<{ name: string; price: number; files: string; isPublic: boolean; description?: string | undefined; salePrice?: number | undefined; tags?: string | undefined; }, any, { name: string; price: number; ... 4 more ...; tags?: string | undefined; }>'.
  Types of parameters 'options' and 'options' are incompatible.
    Type 'ResolverOptions<{ name: string; price: number; files: string; isPublic: boolean; description?: string | undefined; salePrice?: number | undefined; tags?: string | undefined; }>' is not assignable to type 'ResolverOptions<{ name: string; price: unknown; files: string; description?: string | undefined; salePrice?: unknown; tags?: string | undefined; isPublic?: boolean | undefined; }>'.
      Type 'unknown' is not assignable to type 'number'.
src/components/admin/template-form.tsx(111,47): error TS2345: Argument of type '(values: { name: string; price: number; files: string; isPublic: boolean; description?: string | undefined; salePrice?: number | undefined; tags?: string | undefined; }) => Promise<void>' is not assignable to parameter of type 'SubmitHandler<TFieldValues>'.
  Types of parameters 'values' and 'data' are incompatible.
    Type 'TFieldValues' is not assignable to type '{ name: string; price: number; files: string; isPublic: boolean; description?: string | undefined; salePrice?: number | undefined; tags?: string | undefined; }'.
      Type 'FieldValues' is missing the following properties from type '{ name: string; price: number; files: string; isPublic: boolean; description?: string | undefined; salePrice?: number | undefined; tags?: string | undefined; }': name, price, files, isPublic
src/components/admin/template-form.tsx(113,21): error TS2322: Type 'Control<{ name: string; price: number; files: string; isPublic: boolean; description?: string | undefined; salePrice?: number | undefined; tags?: string | undefined; }, any, TFieldValues>' is not assignable to type 'Control<{ name: string; price: number; files: string; isPublic: boolean; description?: string | undefined; salePrice?: number | undefined; tags?: string | undefined; }, any, { name: string; price: number; ... 4 more ...; tags?: string | undefined; }>'.
  The types of '_options.resolver' are incompatible between these types.
    Type 'Resolver<{ name: string; price: number; files: string; isPublic: boolean; description?: string | undefined; salePrice?: number | undefined; tags?: string | undefined; }, any, TFieldValues> | undefined' is not assignable to type 'Resolver<{ name: string; price: number; files: string; isPublic: boolean; description?: string | undefined; salePrice?: number | undefined; tags?: string | undefined; }, any, { name: string; price: number; ... 4 more ...; tags?: string | undefined; }> | undefined'.
      Type 'Resolver<{ name: string; price: number; files: string; isPublic: boolean; description?: string | undefined; salePrice?: number | undefined; tags?: string | undefined; }, any, TFieldValues>' is not assignable to type 'Resolver<{ name: string; price: number; files: string; isPublic: boolean; description?: string | undefined; salePrice?: number | undefined; tags?: string | undefined; }, any, { name: string; price: number; ... 4 more ...; tags?: string | undefined; }>'.
        Type 'ResolverResult<{ name: string; price: number; files: string; isPublic: boolean; description?: string | undefined; salePrice?: number | undefined; tags?: string | undefined; }, TFieldValues> | Promise<...>' is not assignable to type 'ResolverResult<{ name: string; price: number; files: string; isPublic: boolean; description?: string | undefined; salePrice?: number | undefined; tags?: string | undefined; }, { name: string; price: number; ... 4 more ...; tags?: string | undefined; }> | Promise<...>'.
          Type 'ResolverSuccess<TFieldValues>' is not assignable to type 'ResolverResult<{ name: string; price: number; files: string; isPublic: boolean; description?: string | undefined; salePrice?: number | undefined; tags?: string | undefined; }, { name: string; price: number; ... 4 more ...; tags?: string | undefined; }> | Promise<...>'.
            Type 'ResolverSuccess<TFieldValues>' is not assignable to type 'ResolverSuccess<{ name: string; price: number; files: string; isPublic: boolean; description?: string | undefined; salePrice?: number | undefined; tags?: string | undefined; }>'.
              Type 'TFieldValues' is not assignable to type '{ name: string; price: number; files: string; isPublic: boolean; description?: string | undefined; salePrice?: number | undefined; tags?: string | undefined; }'.
                Type 'FieldValues' is missing the following properties from type '{ name: string; price: number; files: string; isPublic: boolean; description?: string | undefined; salePrice?: number | undefined; tags?: string | undefined; }': name, price, files, isPublic
src/components/admin/template-form.tsx(126,21): error TS2322: Type 'Control<{ name: string; price: number; files: string; isPublic: boolean; description?: string | undefined; salePrice?: number | undefined; tags?: string | undefined; }, any, TFieldValues>' is not assignable to type 'Control<{ name: string; price: number; files: string; isPublic: boolean; description?: string | undefined; salePrice?: number | undefined; tags?: string | undefined; }, any, { name: string; price: number; ... 4 more ...; tags?: string | undefined; }>'.
  The types of '_options.resolver' are incompatible between these types.
    Type 'Resolver<{ name: string; price: number; files: string; isPublic: boolean; description?: string | undefined; salePrice?: number | undefined; tags?: string | undefined; }, any, TFieldValues> | undefined' is not assignable to type 'Resolver<{ name: string; price: number; files: string; isPublic: boolean; description?: string | undefined; salePrice?: number | undefined; tags?: string | undefined; }, any, { name: string; price: number; ... 4 more ...; tags?: string | undefined; }> | undefined'.
      Type 'Resolver<{ name: string; price: number; files: string; isPublic: boolean; description?: string | undefined; salePrice?: number | undefined; tags?: string | undefined; }, any, TFieldValues>' is not assignable to type 'Resolver<{ name: string; price: number; files: string; isPublic: boolean; description?: string | undefined; salePrice?: number | undefined; tags?: string | undefined; }, any, { name: string; price: number; ... 4 more ...; tags?: string | undefined; }>'.
        Type 'ResolverResult<{ name: string; price: number; files: string; isPublic: boolean; description?: string | undefined; salePrice?: number | undefined; tags?: string | undefined; }, TFieldValues> | Promise<...>' is not assignable to type 'ResolverResult<{ name: string; price: number; files: string; isPublic: boolean; description?: string | undefined; salePrice?: number | undefined; tags?: string | undefined; }, { name: string; price: number; ... 4 more ...; tags?: string | undefined; }> | Promise<...>'.
          Type 'ResolverSuccess<TFieldValues>' is not assignable to type 'ResolverResult<{ name: string; price: number; files: string; isPublic: boolean; description?: string | undefined; salePrice?: number | undefined; tags?: string | undefined; }, { name: string; price: number; ... 4 more ...; tags?: string | undefined; }> | Promise<...>'.
            Type 'ResolverSuccess<TFieldValues>' is not assignable to type 'ResolverSuccess<{ name: string; price: number; files: string; isPublic: boolean; description?: string | undefined; salePrice?: number | undefined; tags?: string | undefined; }>'.
              Type 'TFieldValues' is not assignable to type '{ name: string; price: number; files: string; isPublic: boolean; description?: string | undefined; salePrice?: number | undefined; tags?: string | undefined; }'.
                Type 'FieldValues' is missing the following properties from type '{ name: string; price: number; files: string; isPublic: boolean; description?: string | undefined; salePrice?: number | undefined; tags?: string | undefined; }': name, price, files, isPublic
src/components/admin/template-form.tsx(140,25): error TS2322: Type 'Control<{ name: string; price: number; files: string; isPublic: boolean; description?: string | undefined; salePrice?: number | undefined; tags?: string | undefined; }, any, TFieldValues>' is not assignable to type 'Control<{ name: string; price: number; files: string; isPublic: boolean; description?: string | undefined; salePrice?: number | undefined; tags?: string | undefined; }, any, { name: string; price: number; ... 4 more ...; tags?: string | undefined; }>'.
  The types of '_options.resolver' are incompatible between these types.
    Type 'Resolver<{ name: string; price: number; files: string; isPublic: boolean; description?: string | undefined; salePrice?: number | undefined; tags?: string | undefined; }, any, TFieldValues> | undefined' is not assignable to type 'Resolver<{ name: string; price: number; files: string; isPublic: boolean; description?: string | undefined; salePrice?: number | undefined; tags?: string | undefined; }, any, { name: string; price: number; ... 4 more ...; tags?: string | undefined; }> | undefined'.
      Type 'Resolver<{ name: string; price: number; files: string; isPublic: boolean; description?: string | undefined; salePrice?: number | undefined; tags?: string | undefined; }, any, TFieldValues>' is not assignable to type 'Resolver<{ name: string; price: number; files: string; isPublic: boolean; description?: string | undefined; salePrice?: number | undefined; tags?: string | undefined; }, any, { name: string; price: number; ... 4 more ...; tags?: string | undefined; }>'.
        Type 'ResolverResult<{ name: string; price: number; files: string; isPublic: boolean; description?: string | undefined; salePrice?: number | undefined; tags?: string | undefined; }, TFieldValues> | Promise<...>' is not assignable to type 'ResolverResult<{ name: string; price: number; files: string; isPublic: boolean; description?: string | undefined; salePrice?: number | undefined; tags?: string | undefined; }, { name: string; price: number; ... 4 more ...; tags?: string | undefined; }> | Promise<...>'.
          Type 'ResolverSuccess<TFieldValues>' is not assignable to type 'ResolverResult<{ name: string; price: number; files: string; isPublic: boolean; description?: string | undefined; salePrice?: number | undefined; tags?: string | undefined; }, { name: string; price: number; ... 4 more ...; tags?: string | undefined; }> | Promise<...>'.
            Type 'ResolverSuccess<TFieldValues>' is not assignable to type 'ResolverSuccess<{ name: string; price: number; files: string; isPublic: boolean; description?: string | undefined; salePrice?: number | undefined; tags?: string | undefined; }>'.
              Type 'TFieldValues' is not assignable to type '{ name: string; price: number; files: string; isPublic: boolean; description?: string | undefined; salePrice?: number | undefined; tags?: string | undefined; }'.
                Type 'FieldValues' is missing the following properties from type '{ name: string; price: number; files: string; isPublic: boolean; description?: string | undefined; salePrice?: number | undefined; tags?: string | undefined; }': name, price, files, isPublic
src/components/admin/template-form.tsx(153,25): error TS2322: Type 'Control<{ name: string; price: number; files: string; isPublic: boolean; description?: string | undefined; salePrice?: number | undefined; tags?: string | undefined; }, any, TFieldValues>' is not assignable to type 'Control<{ name: string; price: number; files: string; isPublic: boolean; description?: string | undefined; salePrice?: number | undefined; tags?: string | undefined; }, any, { name: string; price: number; ... 4 more ...; tags?: string | undefined; }>'.
  The types of '_options.resolver' are incompatible between these types.
    Type 'Resolver<{ name: string; price: number; files: string; isPublic: boolean; description?: string | undefined; salePrice?: number | undefined; tags?: string | undefined; }, any, TFieldValues> | undefined' is not assignable to type 'Resolver<{ name: string; price: number; files: string; isPublic: boolean; description?: string | undefined; salePrice?: number | undefined; tags?: string | undefined; }, any, { name: string; price: number; ... 4 more ...; tags?: string | undefined; }> | undefined'.
      Type 'Resolver<{ name: string; price: number; files: string; isPublic: boolean; description?: string | undefined; salePrice?: number | undefined; tags?: string | undefined; }, any, TFieldValues>' is not assignable to type 'Resolver<{ name: string; price: number; files: string; isPublic: boolean; description?: string | undefined; salePrice?: number | undefined; tags?: string | undefined; }, any, { name: string; price: number; ... 4 more ...; tags?: string | undefined; }>'.
        Type 'ResolverResult<{ name: string; price: number; files: string; isPublic: boolean; description?: string | undefined; salePrice?: number | undefined; tags?: string | undefined; }, TFieldValues> | Promise<...>' is not assignable to type 'ResolverResult<{ name: string; price: number; files: string; isPublic: boolean; description?: string | undefined; salePrice?: number | undefined; tags?: string | undefined; }, { name: string; price: number; ... 4 more ...; tags?: string | undefined; }> | Promise<...>'.
          Type 'ResolverSuccess<TFieldValues>' is not assignable to type 'ResolverResult<{ name: string; price: number; files: string; isPublic: boolean; description?: string | undefined; salePrice?: number | undefined; tags?: string | undefined; }, { name: string; price: number; ... 4 more ...; tags?: string | undefined; }> | Promise<...>'.
            Type 'ResolverSuccess<TFieldValues>' is not assignable to type 'ResolverSuccess<{ name: string; price: number; files: string; isPublic: boolean; description?: string | undefined; salePrice?: number | undefined; tags?: string | undefined; }>'.
              Type 'TFieldValues' is not assignable to type '{ name: string; price: number; files: string; isPublic: boolean; description?: string | undefined; salePrice?: number | undefined; tags?: string | undefined; }'.
                Type 'FieldValues' is missing the following properties from type '{ name: string; price: number; files: string; isPublic: boolean; description?: string | undefined; salePrice?: number | undefined; tags?: string | undefined; }': name, price, files, isPublic
src/components/admin/template-form.tsx(168,21): error TS2322: Type 'Control<{ name: string; price: number; files: string; isPublic: boolean; description?: string | undefined; salePrice?: number | undefined; tags?: string | undefined; }, any, TFieldValues>' is not assignable to type 'Control<{ name: string; price: number; files: string; isPublic: boolean; description?: string | undefined; salePrice?: number | undefined; tags?: string | undefined; }, any, { name: string; price: number; ... 4 more ...; tags?: string | undefined; }>'.
  The types of '_options.resolver' are incompatible between these types.
    Type 'Resolver<{ name: string; price: number; files: string; isPublic: boolean; description?: string | undefined; salePrice?: number | undefined; tags?: string | undefined; }, any, TFieldValues> | undefined' is not assignable to type 'Resolver<{ name: string; price: number; files: string; isPublic: boolean; description?: string | undefined; salePrice?: number | undefined; tags?: string | undefined; }, any, { name: string; price: number; ... 4 more ...; tags?: string | undefined; }> | undefined'.
      Type 'Resolver<{ name: string; price: number; files: string; isPublic: boolean; description?: string | undefined; salePrice?: number | undefined; tags?: string | undefined; }, any, TFieldValues>' is not assignable to type 'Resolver<{ name: string; price: number; files: string; isPublic: boolean; description?: string | undefined; salePrice?: number | undefined; tags?: string | undefined; }, any, { name: string; price: number; ... 4 more ...; tags?: string | undefined; }>'.
        Type 'ResolverResult<{ name: string; price: number; files: string; isPublic: boolean; description?: string | undefined; salePrice?: number | undefined; tags?: string | undefined; }, TFieldValues> | Promise<...>' is not assignable to type 'ResolverResult<{ name: string; price: number; files: string; isPublic: boolean; description?: string | undefined; salePrice?: number | undefined; tags?: string | undefined; }, { name: string; price: number; ... 4 more ...; tags?: string | undefined; }> | Promise<...>'.
          Type 'ResolverSuccess<TFieldValues>' is not assignable to type 'ResolverResult<{ name: string; price: number; files: string; isPublic: boolean; description?: string | undefined; salePrice?: number | undefined; tags?: string | undefined; }, { name: string; price: number; ... 4 more ...; tags?: string | undefined; }> | Promise<...>'.
            Type 'ResolverSuccess<TFieldValues>' is not assignable to type 'ResolverSuccess<{ name: string; price: number; files: string; isPublic: boolean; description?: string | undefined; salePrice?: number | undefined; tags?: string | undefined; }>'.
              Type 'TFieldValues' is not assignable to type '{ name: string; price: number; files: string; isPublic: boolean; description?: string | undefined; salePrice?: number | undefined; tags?: string | undefined; }'.
                Type 'FieldValues' is missing the following properties from type '{ name: string; price: number; files: string; isPublic: boolean; description?: string | undefined; salePrice?: number | undefined; tags?: string | undefined; }': name, price, files, isPublic
src/components/admin/template-form.tsx(182,21): error TS2322: Type 'Control<{ name: string; price: number; files: string; isPublic: boolean; description?: string | undefined; salePrice?: number | undefined; tags?: string | undefined; }, any, TFieldValues>' is not assignable to type 'Control<{ name: string; price: number; files: string; isPublic: boolean; description?: string | undefined; salePrice?: number | undefined; tags?: string | undefined; }, any, { name: string; price: number; ... 4 more ...; tags?: string | undefined; }>'.
  The types of '_options.resolver' are incompatible between these types.
    Type 'Resolver<{ name: string; price: number; files: string; isPublic: boolean; description?: string | undefined; salePrice?: number | undefined; tags?: string | undefined; }, any, TFieldValues> | undefined' is not assignable to type 'Resolver<{ name: string; price: number; files: string; isPublic: boolean; description?: string | undefined; salePrice?: number | undefined; tags?: string | undefined; }, any, { name: string; price: number; ... 4 more ...; tags?: string | undefined; }> | undefined'.
      Type 'Resolver<{ name: string; price: number; files: string; isPublic: boolean; description?: string | undefined; salePrice?: number | undefined; tags?: string | undefined; }, any, TFieldValues>' is not assignable to type 'Resolver<{ name: string; price: number; files: string; isPublic: boolean; description?: string | undefined; salePrice?: number | undefined; tags?: string | undefined; }, any, { name: string; price: number; ... 4 more ...; tags?: string | undefined; }>'.
        Type 'ResolverResult<{ name: string; price: number; files: string; isPublic: boolean; description?: string | undefined; salePrice?: number | undefined; tags?: string | undefined; }, TFieldValues> | Promise<...>' is not assignable to type 'ResolverResult<{ name: string; price: number; files: string; isPublic: boolean; description?: string | undefined; salePrice?: number | undefined; tags?: string | undefined; }, { name: string; price: number; ... 4 more ...; tags?: string | undefined; }> | Promise<...>'.
          Type 'ResolverSuccess<TFieldValues>' is not assignable to type 'ResolverResult<{ name: string; price: number; files: string; isPublic: boolean; description?: string | undefined; salePrice?: number | undefined; tags?: string | undefined; }, { name: string; price: number; ... 4 more ...; tags?: string | undefined; }> | Promise<...>'.
            Type 'ResolverSuccess<TFieldValues>' is not assignable to type 'ResolverSuccess<{ name: string; price: number; files: string; isPublic: boolean; description?: string | undefined; salePrice?: number | undefined; tags?: string | undefined; }>'.
              Type 'TFieldValues' is not assignable to type '{ name: string; price: number; files: string; isPublic: boolean; description?: string | undefined; salePrice?: number | undefined; tags?: string | undefined; }'.
                Type 'FieldValues' is missing the following properties from type '{ name: string; price: number; files: string; isPublic: boolean; description?: string | undefined; salePrice?: number | undefined; tags?: string | undefined; }': name, price, files, isPublic
src/components/admin/template-form.tsx(196,21): error TS2322: Type 'Control<{ name: string; price: number; files: string; isPublic: boolean; description?: string | undefined; salePrice?: number | undefined; tags?: string | undefined; }, any, TFieldValues>' is not assignable to type 'Control<{ name: string; price: number; files: string; isPublic: boolean; description?: string | undefined; salePrice?: number | undefined; tags?: string | undefined; }, any, { name: string; price: number; ... 4 more ...; tags?: string | undefined; }>'.
  The types of '_options.resolver' are incompatible between these types.
    Type 'Resolver<{ name: string; price: number; files: string; isPublic: boolean; description?: string | undefined; salePrice?: number | undefined; tags?: string | undefined; }, any, TFieldValues> | undefined' is not assignable to type 'Resolver<{ name: string; price: number; files: string; isPublic: boolean; description?: string | undefined; salePrice?: number | undefined; tags?: string | undefined; }, any, { name: string; price: number; ... 4 more ...; tags?: string | undefined; }> | undefined'.
      Type 'Resolver<{ name: string; price: number; files: string; isPublic: boolean; description?: string | undefined; salePrice?: number | undefined; tags?: string | undefined; }, any, TFieldValues>' is not assignable to type 'Resolver<{ name: string; price: number; files: string; isPublic: boolean; description?: string | undefined; salePrice?: number | undefined; tags?: string | undefined; }, any, { name: string; price: number; ... 4 more ...; tags?: string | undefined; }>'.
        Type 'ResolverResult<{ name: string; price: number; files: string; isPublic: boolean; description?: string | undefined; salePrice?: number | undefined; tags?: string | undefined; }, TFieldValues> | Promise<...>' is not assignable to type 'ResolverResult<{ name: string; price: number; files: string; isPublic: boolean; description?: string | undefined; salePrice?: number | undefined; tags?: string | undefined; }, { name: string; price: number; ... 4 more ...; tags?: string | undefined; }> | Promise<...>'.
          Type 'ResolverSuccess<TFieldValues>' is not assignable to type 'ResolverResult<{ name: string; price: number; files: string; isPublic: boolean; description?: string | undefined; salePrice?: number | undefined; tags?: string | undefined; }, { name: string; price: number; ... 4 more ...; tags?: string | undefined; }> | Promise<...>'.
            Type 'ResolverSuccess<TFieldValues>' is not assignable to type 'ResolverSuccess<{ name: string; price: number; files: string; isPublic: boolean; description?: string | undefined; salePrice?: number | undefined; tags?: string | undefined; }>'.
              Type 'TFieldValues' is not assignable to type '{ name: string; price: number; files: string; isPublic: boolean; description?: string | undefined; salePrice?: number | undefined; tags?: string | undefined; }'.
                Type 'FieldValues' is missing the following properties from type '{ name: string; price: number; files: string; isPublic: boolean; description?: string | undefined; salePrice?: number | undefined; tags?: string | undefined; }': name, price, files, isPublic
